app/syndic/announcements/page.tsx(125,60): error TS2339: Property 'title' does not exist on type '{ addBuilding: string; registerBuilding: string; addApartment: string; buildingName: string; address: string; totalFloors: string; aptsPerFloor: string; apartmentNumber: string; floor: string; ... 23 more ...; searchBuildings: string; }'.
app/syndic/announcements/page.tsx(235,56): error TS2339: Property 'title' does not exist on type '{ addBuilding: string; registerBuilding: string; addApartment: string; buildingName: string; address: string; totalFloors: string; aptsPerFloor: string; apartmentNumber: string; floor: string; ... 23 more ...; searchBuildings: string; }'.
app/syndic/documents/page.tsx(142,86): error TS2339: Property 'title' does not exist on type '{ addBuilding: string; registerBuilding: string; addApartment: string; buildingName: string; address: string; totalFloors: string; aptsPerFloor: string; apartmentNumber: string; floor: string; ... 23 more ...; searchBuildings: string; }'.
app/syndic/documents/page.tsx(266,82): error TS2339: Property 'title' does not exist on type '{ addBuilding: string; registerBuilding: string; addApartment: string; buildingName: string; address: string; totalFloors: string; aptsPerFloor: string; apartmentNumber: string; floor: string; ... 23 more ...; searchBuildings: string; }'.
components/homepage/features-section.tsx(13,19): error TS2339: Property 'features' does not exist on type 'Translations'.
components/homepage/features-section.tsx(14,25): error TS2339: Property 'features' does not exist on type 'Translations'.
components/homepage/features-section.tsx(16,22): error TS2339: Property 'features' does not exist on type 'Translations'.
components/homepage/features-section.tsx(24,19): error TS2339: Property 'features' does not exist on type 'Translations'.
components/homepage/features-section.tsx(25,25): error TS2339: Property 'features' does not exist on type 'Translations'.
components/homepage/features-section.tsx(27,22): error TS2339: Property 'features' does not exist on type 'Translations'.
components/homepage/features-section.tsx(35,19): error TS2339: Property 'features' does not exist on type 'Translations'.
components/homepage/features-section.tsx(36,25): error TS2339: Property 'features' does not exist on type 'Translations'.
components/homepage/features-section.tsx(38,22): error TS2339: Property 'features' does not exist on type 'Translations'.
components/homepage/features-section.tsx(46,19): error TS2339: Property 'features' does not exist on type 'Translations'.
components/homepage/features-section.tsx(47,25): error TS2339: Property 'features' does not exist on type 'Translations'.
components/homepage/features-section.tsx(49,22): error TS2339: Property 'features' does not exist on type 'Translations'.
components/homepage/features-section.tsx(57,19): error TS2339: Property 'features' does not exist on type 'Translations'.
components/homepage/features-section.tsx(58,25): error TS2339: Property 'features' does not exist on type 'Translations'.
components/homepage/features-section.tsx(60,22): error TS2339: Property 'features' does not exist on type 'Translations'.
components/homepage/transformation-section.tsx(118,16): error TS2339: Property 'transformation' does not exist on type 'Translations'.
components/homepage/transformation-section.tsx(119,22): error TS2339: Property 'transformation' does not exist on type 'Translations'.
components/homepage/transformation-section.tsx(127,16): error TS2339: Property 'transformation' does not exist on type 'Translations'.
components/homepage/transformation-section.tsx(128,22): error TS2339: Property 'transformation' does not exist on type 'Translations'.
components/homepage/transformation-section.tsx(136,16): error TS2339: Property 'transformation' does not exist on type 'Translations'.
components/homepage/transformation-section.tsx(137,22): error TS2339: Property 'transformation' does not exist on type 'Translations'.
components/homepage/transformation-section.tsx(145,16): error TS2339: Property 'transformation' does not exist on type 'Translations'.
components/homepage/transformation-section.tsx(146,22): error TS2339: Property 'transformation' does not exist on type 'Translations'.
components/homepage/transformation-section.tsx(162,18): error TS2339: Property 'transformation' does not exist on type 'Translations'.
components/homepage/transformation-section.tsx(165,18): error TS2339: Property 'transformation' does not exist on type 'Translations'.
components/ui/pricing-section.tsx(38,52): error TS2322: Type '{ key: string; tier: PricingTier; frequency: string; }' is not assignable to type 'IntrinsicAttributes & PricingCardProps'.
  Property 'frequency' does not exist on type 'IntrinsicAttributes & PricingCardProps'.
components/ui/resizable.tsx(12,51): error TS2339: Property 'PanelGroup' does not exist on type 'typeof import("C:/Users/Dexter/Desktop/WORK/Orsyndic/node_modules/react-resizable-panels/dist/react-resizable-panels")'.
components/ui/resizable.tsx(14,25): error TS2339: Property 'PanelGroup' does not exist on type 'typeof import("C:/Users/Dexter/Desktop/WORK/Orsyndic/node_modules/react-resizable-panels/dist/react-resizable-panels")'.
components/ui/resizable.tsx(35,51): error TS2339: Property 'PanelResizeHandle' does not exist on type 'typeof import("C:/Users/Dexter/Desktop/WORK/Orsyndic/node_modules/react-resizable-panels/dist/react-resizable-panels")'.
components/ui/resizable.tsx(39,25): error TS2339: Property 'PanelResizeHandle' does not exist on type 'typeof import("C:/Users/Dexter/Desktop/WORK/Orsyndic/node_modules/react-resizable-panels/dist/react-resizable-panels")'.
components/ui/resizable.tsx(52,26): error TS2339: Property 'PanelResizeHandle' does not exist on type 'typeof import("C:/Users/Dexter/Desktop/WORK/Orsyndic/node_modules/react-resizable-panels/dist/react-resizable-panels")'.
